{
  "mode": "RGB",
  "size": [
    320,
    180
  ],
  "timestamp": 0.0
}